Microchip MPLAB XC8 Compiler V2.41

Linker command line:

-W-3 \
  --edf=C:/Program Files/Microchip/MPLABX/v6.15/packs/Microchip/PIC16Fxxx_DFP/1.4.149/xc8\pic\dat\20230322214319_en.msgs \
  -cn -h+dist/default/production\Microwave_Oven.X.production.sym \
  --cmf=dist/default/production\Microwave_Oven.X.production.cmf -z \
  -Q16F877A -oC:\Users\Crys\AppData\Local\Temp\xcAs127s.\driver_tmp_3.o \
  --defsym=__MPLAB_BUILD=1 --fixupoverflow=error \
  -Mdist/default/production/Microwave_Oven.X.production.map \
  --md=C:\Users\Crys\AppData\Local\Temp\xcAs127s.\driver_tmp_0.dat -E1 \
  -ver=XC8 Compiler --acfsm=1493 -ACODE=00h-07FFhx4 -ASTRCODE=00h-01FFFh \
  -ASTRING=00h-0FFhx32 -ACONST=00h-0FFhx32 -AENTRY=00h-0FFhx32 \
  -ACOMMON=070h-07Fh -ABANK0=020h-06Fh -ABANK1=0A0h-0EFh \
  -ABANK2=0110h-016Fh -ABANK3=0190h-01EFh \
  -ARAM=020h-06Fh,0A0h-0EFh,0110h-016Fh,0190h-01EFh \
  -AABS1=020h-07Fh,0A0h-0EFh,0110h-016Fh,0190h-01EFh -ASFR0=00h-01Fh \
  -ASFR1=080h-09Fh -ASFR2=0100h-010Fh -ASFR3=0180h-018Fh \
  -ACONFIG=02007h-02007h -DCONFIG=2 -AIDLOC=02000h-02003h -DIDLOC=2 \
  -AEEDATA=00h-0FFh/02100h -peeprom_data=EEDATA -DEEDATA=2 -DCODE=2 \
  -DSTRCODE=2 -DSTRING=2 -DCONST=2 -DENTRY=2 \
  -preset_vec=00h,intentry=04h,init,end_init -ppowerup=CODE -pcinit=CODE \
  -pfunctab=ENTRY -k \
  C:\Users\Crys\AppData\Local\Temp\xcAs127s.\driver_tmp_12.o \
  dist/default/production\Microwave_Oven.X.production.o 

Object code version is 3.11

Machine type is 16F877A



                Name                               Link     Load   Length Selector   Space Scale
C:\Users\Crys\AppData\Local\Temp\xcAs127s.\driver_tmp_12.o
                end_init                              C        C        3        8       0
                reset_vec                             0        0        3        0       0
                config                             2007     2007        1        0       4
dist/default/production\Microwave_Oven.X.production.o
                cinit                                 F        F       25        8       0
                intentry                              4        4        8        8       0
                config                             2007     2007        1        0       4
                text20                              F32      F32       35     1E64       0
                text19                              F67      F67       36     1ECE       0
                text18                              F9D      F9D       63     1F3A       0
                text17                              E5C      E5C        B     1CB8       0
                text16                              E74      E74       10     1CE8       0
                text15                              E67      E67        D     1CCE       0
                text14                              EA8      EA8       1E     1D50       0
                text13                              F0A      F0A       28     1E14       0
                text12                              EC6      EC6       21     1D8C       0
                text11                              E95      E95       13     1D2A       0
                text10                              77F      77F       6B      BE2       0
                text9                               6C4      6C4       BB      BE2       0
                text8                               EE7      EE7       23     1DCE       0
                text7                               43D      43D       67        8       0
                text6                               4A4      4A4       5B        8       0
                text5                               7EA      7EA       15      BE2       0
                text4                               E84      E84       11     1D08       0
                text3                                34       34      15D        8       0
                text2                               2E8      2E8      155        8       0
                text1                               5F1      5F1       D3      BE2       0
                maintext                            191      191      157        8       0
                cstackBANK0                          20       20       12       20       1
                cstackCOMMON                         70       70        B       70       1
                dataBANK0                            41       41        2       20       1
                bssBANK0                             32       32        F       20       1
                dataCOMMON                           7B       7B        1       70       1
                strings                             500      500       F1      A00       0
                idataBANK0                          E5A      E5A        2     1CB4       0
                idataCOMMON                         7FF      7FF        1      BE2       0

TOTAL           Name                               Link     Load   Length     Space
        CLASS   CODE           
                end_init                              C        C        3         0
                cinit                                 F        F       25         0
                intentry                              4        4        8         0
                reset_vec                             0        0        3         0
                text20                              F32      F32       35         0
                text19                              F67      F67       36         0
                text18                              F9D      F9D       63         0
                text17                              E5C      E5C        B         0
                text16                              E74      E74       10         0
                text15                              E67      E67        D         0
                text14                              EA8      EA8       1E         0
                text13                              F0A      F0A       28         0
                text12                              EC6      EC6       21         0
                text11                              E95      E95       13         0
                text10                              77F      77F       6B         0
                text9                               6C4      6C4       BB         0
                text8                               EE7      EE7       23         0
                text7                               43D      43D       67         0
                text6                               4A4      4A4       5B         0
                text5                               7EA      7EA       15         0
                text4                               E84      E84       11         0
                text3                                34       34      15D         0
                text2                               2E8      2E8      155         0
                text1                               5F1      5F1       D3         0
                maintext                            191      191      157         0
                idataBANK0                          E5A      E5A        2         0
                idataCOMMON                         7FF      7FF        1         0

        CLASS   STRCODE        

        CLASS   STRING         
                strings                             500      500       F1         0

        CLASS   CONST          

        CLASS   ENTRY          

        CLASS   COMMON         
                cstackCOMMON                         70       70        B         1
                dataCOMMON                           7B       7B        1         1

        CLASS   BANK0          
                cstackBANK0                          20       20       12         1
                dataBANK0                            41       41        2         1
                bssBANK0                             32       32        F         1

        CLASS   BANK1          

        CLASS   BANK2          

        CLASS   BANK3          

        CLASS   RAM            

        CLASS   ABS1           
                abs_s1                               7E       7E        2         1

        CLASS   SFR0           

        CLASS   SFR1           

        CLASS   SFR2           

        CLASS   SFR3           

        CLASS   CONFIG         
                config                             2007     2007        1         4

        CLASS   IDLOC          

        CLASS   EEDATA         

        CLASS   STACK          



SEGMENTS        Name                           Load    Length   Top    Selector   Space  Class     Delta

                reset_vec                      000000  000003  000003         0       0  CODE        2
                intentry                       000004  0004FB  0004FF         8       0  CODE        2
                cstackBANK0                    000020  000023  000043        20       1  BANK0       1
                cstackCOMMON                   000070  00000C  00007C        70       1  COMMON      1
                strings                        000500  0000F1  0005F1       A00       0  STRING      2
                text1                          0005F1  00020F  000800       BE2       0  CODE        2
                idataBANK0                     000E5A  000002  000E5C      1CB4       0  CODE        2
                text17                         000E5C  00000B  000E67      1CB8       0  CODE        2
                text15                         000E67  00000D  000E74      1CCE       0  CODE        2
                text16                         000E74  000010  000E84      1CE8       0  CODE        2
                text4                          000E84  000011  000E95      1D08       0  CODE        2
                text11                         000E95  000013  000EA8      1D2A       0  CODE        2
                text14                         000EA8  00001E  000EC6      1D50       0  CODE        2
                text12                         000EC6  000021  000EE7      1D8C       0  CODE        2
                text8                          000EE7  000023  000F0A      1DCE       0  CODE        2
                text13                         000F0A  000028  000F32      1E14       0  CODE        2
                text20                         000F32  000035  000F67      1E64       0  CODE        2
                text19                         000F67  000036  000F9D      1ECE       0  CODE        2
                text18                         000F9D  000063  001000      1F3A       0  CODE        2


UNUSED ADDRESS RANGES

        Name                Unused          Largest block    Delta
        BANK0            0043-006F             2D           1
        BANK1            00A0-00EF             50           1
        BANK2            0110-016F             60           1
        BANK3            0190-01EF             60           1
        CODE             0003-0003              1           2
                         04FF-04FF              1
                         0800-0E59            65A
                         1000-1FFF            800
        COMMON           007C-007D              2           1
        CONST            0003-0003              1           2
                         04FF-04FF              1
                         0800-0E59            100
                         1000-1FFF            100
        EEDATA           2100-21FF            100           2
        ENTRY            0003-0003              1           2
                         04FF-04FF              1
                         0800-0E59            100
                         1000-1FFF            100
        IDLOC            2000-2003              4           2
        RAM              0043-006F             2D           1
                         00A0-00EF             50
                         0110-016F             60
                         0190-01EF             60
        SFR0             0000-001F             20           1
        SFR1             0080-009F             20           1
        SFR2             0100-010F             10           1
        SFR3             0180-018F             10           1
        STRCODE          0003-0003              1           2
                         04FF-04FF              1
                         0800-0E59            65A
                         1000-1FFF           1000
        STRING           0003-0003              1           2
                         04FF-04FF              1
                         0800-0E59            100
                         1000-1FFF            100

                                  Symbol Table

?___awdiv                        cstackCOMMON 0072
?___awmod                        cstackBANK0  0020
_GIE                             (abs)        005F
_PEIE                            (abs)        005E
_PORTD                           (abs)        0008
_PR2                             (abs)        0092
_RB0                             (abs)        0030
_RB1                             (abs)        0031
_RB2                             (abs)        0032
_RC1                             (abs)        0039
_RC2                             (abs)        003A
_RD0                             (abs)        0040
_RD1                             (abs)        0041
_RD2                             (abs)        0042
_RD3                             (abs)        0043
_RE1                             (abs)        0049
_RE2                             (abs)        004A
_T2CKPS0                         (abs)        0090
_T2CKPS1                         (abs)        0091
_TMR2IE                          (abs)        0461
_TMR2IF                          (abs)        0061
_TMR2ON                          (abs)        0092
_TRISB                           (abs)        0086
_TRISC1                          (abs)        0439
_TRISC2                          (abs)        043A
_TRISD                           (abs)        0088
_TRISE1                          (abs)        0449
_TRISE2                          (abs)        044A
__H__absolute__                  __absolute__ 0000
__Habs1                          abs1         0000
__Hbank0                         bank0        0000
__Hbank1                         bank1        0000
__Hbank2                         bank2        0000
__Hbank3                         bank3        0000
__HbssBANK0                      bssBANK0     0000
__Hcinit                         cinit        0034
__Hclrtext                       clrtext      0000
__Hcode                          code         0000
__Hcommon                        common       0000
__Hconfig                        config       2008
__HcstackBANK0                   cstackBANK0  0000
__HcstackCOMMON                  cstackCOMMON 0000
__HdataBANK0                     dataBANK0    0000
__HdataCOMMON                    dataCOMMON   0000
__Heeprom_data                   eeprom_data  0000
__Hend_init                      end_init     000F
__Hfunctab                       functab      0000
__HidataBANK0                    idataBANK0   0000
__HidataCOMMON                   idataCOMMON  0000
__Hinit                          init         000C
__Hintentry                      intentry     000C
__Hmaintext                      maintext     0000
__Hpowerup                       powerup      0000
__Hram                           ram          0000
__Hreset_vec                     reset_vec    0003
__Hsfr0                          sfr0         0000
__Hsfr1                          sfr1         0000
__Hsfr2                          sfr2         0000
__Hsfr3                          sfr3         0000
__Hspace_0                       (abs)        1000
__Hspace_1                       (abs)        007C
__Hspace_2                       (abs)        0000
__Hspace_3                       (abs)        0000
__Hspace_4                       (abs)        400F
__Hstack                         stack        0000
__Hstrings                       strings      0000
__Htext                          text         0000
__L__absolute__                  __absolute__ 0000
__Labs1                          abs1         0000
__Lbank0                         bank0        0000
__Lbank1                         bank1        0000
__Lbank2                         bank2        0000
__Lbank3                         bank3        0000
__LbssBANK0                      bssBANK0     0000
__Lcinit                         cinit        000F
__Lclrtext                       clrtext      0000
__Lcode                          code         0000
__Lcommon                        common       0000
__Lconfig                        config       0000
__LcstackBANK0                   cstackBANK0  0000
__LcstackCOMMON                  cstackCOMMON 0000
__LdataBANK0                     dataBANK0    0000
__LdataCOMMON                    dataCOMMON   0000
__Leeprom_data                   eeprom_data  0000
__Lend_init                      end_init     000C
__Lfunctab                       functab      0000
__LidataBANK0                    idataBANK0   0000
__LidataCOMMON                   idataCOMMON  0000
__Linit                          init         000C
__Lintentry                      intentry     0004
__Lmaintext                      maintext     0000
__Lpowerup                       powerup      0000
__Lram                           ram          0000
__Lreset_vec                     reset_vec    0000
__Lsfr0                          sfr0         0000
__Lsfr1                          sfr1         0000
__Lsfr2                          sfr2         0000
__Lsfr3                          sfr3         0000
__Lspace_0                       (abs)        0000
__Lspace_1                       (abs)        0000
__Lspace_2                       (abs)        0000
__Lspace_3                       (abs)        0000
__Lspace_4                       (abs)        0000
__Lstack                         stack        0000
__Lstrings                       strings      0000
__Ltext                          text         0000
__S0                             (abs)        1000
__S1                             (abs)        007C
__S3                             (abs)        0000
___awdiv                         text7        043D
___awdiv@counter                 cstackCOMMON 0076
___awdiv@dividend                cstackCOMMON 0074
___awdiv@divisor                 cstackCOMMON 0072
___awdiv@quotient                cstackCOMMON 0078
___awdiv@sign                    cstackCOMMON 0077
___awmod                         text6        04A4
___awmod@counter                 cstackBANK0  0024
___awmod@dividend                cstackBANK0  0022
___awmod@divisor                 cstackBANK0  0020
___awmod@sign                    cstackBANK0  0025
___bmul                          text5        07EA
___bmul@multiplicand             cstackCOMMON 0072
___bmul@multiplier               cstackCOMMON 0074
___bmul@product                  cstackCOMMON 0073
___int_sp                        stack        0000
___latbits                       (abs)        0002
___sp                            stack        0000
___stackhi                       (abs)        0000
___stacklo                       (abs)        0000
__end_of___awdiv                 text7        04A4
__end_of___awmod                 text6        04FF
__end_of___bmul                  text5        07FF
__end_of__initialization         cinit        0030
__end_of__stringtab              strings      0506
__end_of_clcd_print              text13       0F32
__end_of_clcd_putch              text11       0EA8
__end_of_clcd_write              text19       0F9D
__end_of_clear_screen            text4        0E95
__end_of_init_clcd               text17       0E67
__end_of_init_config             text14       0EC6
__end_of_init_display_controller text18       1000
__end_of_init_matrix_keypad      text16       0E84
__end_of_init_timer2             text15       0E74
__end_of_isr                     text20       0F67
__end_of_main                    maintext     02E8
__end_of_menu_display_screen     text12       0EE7
__end_of_power_on_screen         text10       07EA
__end_of_read_matrix_keypad      text8        0F0A
__end_of_scan_keypad             text9        077F
__end_of_set_temp                text3        0191
__end_of_set_time                text2        043D
__end_of_time_display_screen     text1        06C4
__initialization                 cinit        000F
__pbssBANK0                      bssBANK0     0032
__pcstackBANK0                   cstackBANK0  0020
__pcstackCOMMON                  cstackCOMMON 0070
__pdataBANK0                     dataBANK0    0041
__pdataCOMMON                    dataCOMMON   007B
__pidataBANK0                    idataBANK0   0E5A
__pidataCOMMON                   idataCOMMON  07FF
__pintentry                      intentry     0004
__pmaintext                      maintext     0191
__pstrings                       strings      0500
__ptext1                         text1        05F1
__ptext10                        text10       077F
__ptext11                        text11       0E95
__ptext12                        text12       0EC6
__ptext13                        text13       0F0A
__ptext14                        text14       0EA8
__ptext15                        text15       0E67
__ptext16                        text16       0E74
__ptext17                        text17       0E5C
__ptext18                        text18       0F9D
__ptext19                        text19       0F67
__ptext2                         text2        02E8
__ptext20                        text20       0F32
__ptext3                         text3        0034
__ptext4                         text4        0E84
__ptext5                         text5        07EA
__ptext6                         text6        04A4
__ptext7                         text7        043D
__ptext8                         text8        0EE7
__ptext9                         text9        06C4
__stringbase                     strings      0505
__stringtab                      strings      0500
_clcd_print                      text13       0F0A
_clcd_putch                      text11       0E95
_clcd_write                      text19       0F67
_clear_screen                    text4        0E84
_flag                            bssBANK0     003E
_init_clcd                       text17       0E5C
_init_config                     text14       0EA8
_init_display_controller         text18       0F9D
_init_matrix_keypad              text16       0E74
_init_timer2                     text15       0E67
_isr                             text20       0F32
_main                            maintext     0191
_menu_display_screen             text12       0EC6
_min                             bssBANK0     003F
_nRBPU                           (abs)        040F
_operation_flag                  dataBANK0    0041
_power_on_screen                 text10       077F
_read_matrix_keypad              text8        0EE7
_scan_keypad                     text9        06C4
_sec                             bssBANK0     0040
_set_temp                        text3        0034
_set_time                        text2        02E8
_time_display_screen             text1        05F1
btemp                            (abs)        007E
clcd_print@addr                  cstackCOMMON 0076
clcd_print@str                   cstackCOMMON 0077
clcd_putch@addr                  cstackBANK0  0026
clcd_putch@data                  cstackCOMMON 007A
clcd_write@byte                  cstackCOMMON 0075
clcd_write@mode                  cstackCOMMON 0072
end_of_initialization            cinit        0030
interrupt_function               intentry     0004
intlevel0                        functab      0000
intlevel1                        functab      0000
intlevel2                        functab      0000
intlevel3                        functab      0000
intlevel4                        functab      0000
intlevel5                        functab      0000
isr@count                        bssBANK0     0032
main@key                         cstackBANK0  0031
main@reset_flag                  cstackBANK0  002F
power_on_screen@i                cstackBANK0  002A
read_matrix_keypad@key           cstackCOMMON 0075
read_matrix_keypad@mode          cstackCOMMON 0074
read_matrix_keypad@once          dataCOMMON   007B
reset_vec                        reset_vec    0000
saved_w                          (abs)        007E
scan_keypad@i                    cstackCOMMON 0072
set_temp@blink                   bssBANK0     003C
set_temp@key                     cstackBANK0  002B
set_temp@key_count               bssBANK0     003D
set_temp@reset_flag              cstackBANK0  0027
set_temp@temp                    bssBANK0     003B
set_temp@wait                    bssBANK0     0036
set_time@blink                   bssBANK0     0038
set_time@blink_pos               bssBANK0     0039
set_time@key                     cstackBANK0  002B
set_time@key_count               bssBANK0     003A
set_time@reset_flag              cstackBANK0  0027
set_time@wait                    bssBANK0     0034
start                            init         000C
start_initialization             cinit        000F
wtemp0                           (abs)        007E


MODULE INFORMATION

Module		Function		Class		Link	Load	Size
timers.c
		_init_timer2   		CODE           	0E67	0000	13

timers.c estimated size: 13

matrix_keypad.c
		_init_matrix_keypad		CODE           	0E74	0000	16
		_read_matrix_keypad		CODE           	0EE7	0000	35
		_scan_keypad   		CODE           	06C4	0000	187

matrix_keypad.c estimated size: 238

C:\Program Files\Microchip\xc8\v2.41\pic\sources\c90\common\awdiv.c
		___awdiv       		CODE           	043D	0000	103

C:\Program Files\Microchip\xc8\v2.41\pic\sources\c90\common\awdiv.c estimated size: 103

C:\Program Files\Microchip\xc8\v2.41\pic\sources\c90\common\Umul8.c
		___bmul        		CODE           	07EA	0000	21

C:\Program Files\Microchip\xc8\v2.41\pic\sources\c90\common\Umul8.c estimated size: 21

isr.c
		_isr           		CODE           	0F32	0000	53

isr.c estimated size: 53

shared
		__stringtab    		STRING         	0500	0000	6
		__initialization		CODE           	000F	0000	33

shared estimated size: 39

clcd.c
		_clcd_write    		CODE           	0F67	0000	54
		_clcd_print    		CODE           	0F0A	0000	40
		_clcd_putch    		CODE           	0E95	0000	19
		_init_display_controller		CODE           	0F9D	0000	99
		_init_clcd     		CODE           	0E5C	0000	11

clcd.c estimated size: 223

C:\Program Files\Microchip\xc8\v2.41\pic\sources\c90\common\awmod.c
		___awmod       		CODE           	04A4	0000	91

C:\Program Files\Microchip\xc8\v2.41\pic\sources\c90\common\awmod.c estimated size: 91

main.c
		_time_display_screen		CODE           	05F1	0000	211
		_main          		CODE           	0191	0000	343
		_set_temp      		CODE           	0034	0000	349
		_menu_display_screen		CODE           	0EC6	0000	33
		_clear_screen  		CODE           	0E84	0000	17
		_power_on_screen		CODE           	077F	0000	107
		_set_time      		CODE           	02E8	0000	341
		_init_config   		CODE           	0EA8	0000	30

main.c estimated size: 1431

